src/app/page.tsx(3,1): error TS1185: Merge conflict marker encountered.
src/app/page.tsx(6,1): error TS1185: Merge conflict marker encountered.
src/app/page.tsx(10,1): error TS1185: Merge conflict marker encountered.
src/app/page.tsx(15,1): error TS1185: Merge conflict marker encountered.
src/app/page.tsx(50,1): error TS1185: Merge conflict marker encountered.
src/app/page.tsx(162,1): error TS1185: Merge conflict marker encountered.
src/app/page.tsx(354,17): error TS1005: '</' expected.
src/app/page.tsx(356,1): error TS1185: Merge conflict marker encountered.
src/app/page.tsx(357,1): error TS1185: Merge conflict marker encountered.
src/app/page.tsx(475,1): error TS1185: Merge conflict marker encountered.
src/app/page.tsx(488,213): error TS1005: '</' expected.
src/app/page.tsx(489,1): error TS1185: Merge conflict marker encountered.
src/app/page.tsx(490,17): error TS2657: JSX expressions must have one parent element.
src/app/page.tsx(491,1): error TS1185: Merge conflict marker encountered.
src/app/page.tsx(493,1): error TS1185: Merge conflict marker encountered.
src/app/page.tsx(499,1): error TS1185: Merge conflict marker encountered.
src/app/page.tsx(501,1): error TS1185: Merge conflict marker encountered.
src/app/page.tsx(503,1): error TS1185: Merge conflict marker encountered.
src/app/page.tsx(513,15): error TS1128: Declaration or statement expected.
src/app/page.tsx(514,13): error TS1109: Expression expected.
src/app/page.tsx(514,14): error TS1128: Declaration or statement expected.
src/app/page.tsx(515,11): error TS1128: Declaration or statement expected.
src/app/page.tsx(516,9): error TS1109: Expression expected.
src/app/page.tsx(517,7): error TS1109: Expression expected.
src/app/page.tsx(520,16): error TS1005: ';' expected.
src/app/page.tsx(521,9): error TS2657: JSX expressions must have one parent element.
src/app/page.tsx(531,116): error TS1005: ';' expected.
src/app/page.tsx(531,116): error TS1005: '</' expected.
src/app/page.tsx(532,1): error TS1185: Merge conflict marker encountered.
src/app/page.tsx(533,15): error TS1435: Unknown keyword or identifier. Did you mean 'let'?
src/app/page.tsx(533,33): error TS1005: ';' expected.
src/app/page.tsx(533,41): error TS1005: ';' expected.
src/app/page.tsx(533,81): error TS1005: ';' expected.
src/app/page.tsx(533,89): error TS1128: Declaration or statement expected.
src/app/page.tsx(534,1): error TS1185: Merge conflict marker encountered.
src/app/page.tsx(536,1): error TS1185: Merge conflict marker encountered.
src/app/page.tsx(537,13): error TS1109: Expression expected.
src/app/page.tsx(538,13): error TS2657: JSX expressions must have one parent element.
src/app/page.tsx(545,11): error TS1128: Declaration or statement expected.
src/app/page.tsx(546,9): error TS1109: Expression expected.
src/app/page.tsx(547,7): error TS1109: Expression expected.
src/app/page.tsx(548,5): error TS1109: Expression expected.
src/app/page.tsx(548,7): error TS1109: Expression expected.
src/app/page.tsx(549,3): error TS1109: Expression expected.
src/app/page.tsx(550,1): error TS1128: Declaration or statement expected.
src/app/projects/page.tsx(96,1): error TS1185: Merge conflict marker encountered.
src/app/projects/page.tsx(98,1): error TS1185: Merge conflict marker encountered.
src/app/projects/page.tsx(100,1): error TS1185: Merge conflict marker encountered.
